// Jest Snapshot v1, https://goo.gl/fbAQLP

exports[`component.ConfirmModal renders correctly 1`] = `
<View>
  <View
    accessibilityRole="button"
    accessibilityStates={Array []}
    accessible={true}
    isTVSelectable={true}
    onResponderGrant={[Function]}
    onResponderMove={[Function]}
    onResponderRelease={[Function]}
    onResponderTerminate={[Function]}
    onResponderTerminationRequest={[Function]}
    onStartShouldSetResponder={[Function]}
    style={
      Object {
        "opacity": 1,
      }
    }
  >
    <View
      style={
        Array [
          Object {},
        ]
      }
    >
      <Text
        style={
          Array [
            Object {
              "color": "#007AFF",
              "fontSize": 18,
              "padding": 8,
              "textAlign": "center",
            },
            Object {
              "color": "red",
            },
          ]
        }
      >
        Delete
      </Text>
    </View>
  </View>
  <Modal
    animationType="slide"
    hardwareAccelerated={false}
    onRequestClose={[Function]}
    transparent={false}
    visible={false}
  >
    <View
      style={
        Object {
          "alignItems": "stretch",
          "flexDirection": "column",
          "marginTop": 22,
        }
      }
    >
      <View
        style={
          Object {
            "alignItems": "stretch",
            "flexDirection": "column",
          }
        }
      >
        <Text
          style={
            Object {
              "fontSize": 24,
            }
          }
        >
          Delete Something
        </Text>
        <Text
          style={
            Object {
              "padding": 20,
            }
          }
        >
          Are you sure you wish to 
          Delete Something
          ?
        </Text>
        <View
          style={
            Object {
              "alignItems": "stretch",
              "flexDirection": "column",
            }
          }
        >
          <View
            accessibilityRole="button"
            accessibilityStates={Array []}
            accessible={true}
            isTVSelectable={true}
            onResponderGrant={[Function]}
            onResponderMove={[Function]}
            onResponderRelease={[Function]}
            onResponderTerminate={[Function]}
            onResponderTerminationRequest={[Function]}
            onStartShouldSetResponder={[Function]}
            style={
              Object {
                "opacity": 1,
              }
            }
          >
            <View
              style={
                Array [
                  Object {},
                ]
              }
            >
              <Text
                style={
                  Array [
                    Object {
                      "color": "#007AFF",
                      "fontSize": 18,
                      "padding": 8,
                      "textAlign": "center",
                    },
                  ]
                }
              >
                No, don't
              </Text>
            </View>
          </View>
          <View
            accessibilityRole="button"
            accessibilityStates={Array []}
            accessible={true}
            isTVSelectable={true}
            onResponderGrant={[Function]}
            onResponderMove={[Function]}
            onResponderRelease={[Function]}
            onResponderTerminate={[Function]}
            onResponderTerminationRequest={[Function]}
            onStartShouldSetResponder={[Function]}
            style={
              Object {
                "opacity": 1,
              }
            }
          >
            <View
              style={
                Array [
                  Object {},
                ]
              }
            >
              <Text
                style={
                  Array [
                    Object {
                      "color": "#007AFF",
                      "fontSize": 18,
                      "padding": 8,
                      "textAlign": "center",
                    },
                    Object {
                      "color": "red",
                    },
                  ]
                }
              >
                Delete
              </Text>
            </View>
          </View>
        </View>
      </View>
    </View>
  </Modal>
</View>
`;
